// Jest Snapshot v1, https://goo.gl/fbAQLP

exports[`Input component should render Input component 1`] = `
<div
  className="inputWrapper"
>
  <i
    className="fas fa-search"
  />
  <input
    className="input"
    onChange={[MockFunction]}
    onKeyPress={[MockFunction]}
    placeholder="Search"
    value="value of input"
  />
</div>
`;
